// Jest Snapshot v1, https://goo.gl/fbAQLP

exports[`kosko generate --dev 1`] = `
"---
apiVersion: v1
kind: Namespace
metadata:
  annotations:
    field.cattle.io/creatorId: gitlab
    field.cattle.io/projectId: c-kk8xm:p-4fxg8
    git/branch: mano-branch
    git/remote: git@github.com:SocialGouv/mano.git
    app.gitlab.com/app: socialgouv-mano
    app.gitlab.com/env: mano-branch-42
    app.gitlab.com/env.name: mano-branch-dev2
  labels:
    azure-pg-admin-user: mano
    application: mano-branch-42-mano
    owner: mano
    team: mano
    cert: wildcard
  name: mano-24-branch-42
---
apiVersion: apps/v1
kind: Deployment
metadata:
  annotations:
    kapp.k14s.io/disable-default-ownership-label-rules: ''
    kapp.k14s.io/disable-default-label-scoping-rules: ''
    app.gitlab.com/app: socialgouv-mano
    app.gitlab.com/env: mano-branch-42
    app.gitlab.com/env.name: mano-branch-dev2
  labels:
    app: api
    application: mano-branch-42-mano
    owner: mano
    team: mano
    cert: wildcard
  name: api
  namespace: mano-24-branch-42
spec:
  replicas: 1
  selector:
    matchLabels:
      app: api
  template:
    metadata:
      annotations:
        kapp.k14s.io/disable-default-ownership-label-rules: ''
        kapp.k14s.io/disable-default-label-scoping-rules: ''
        app.gitlab.com/app: socialgouv-mano
        app.gitlab.com/env: mano-branch-42
        app.gitlab.com/env.name: mano-branch-dev2
      labels:
        app: api
        application: mano-branch-42-mano
        owner: mano
        team: mano
        cert: wildcard
    spec:
      containers:
        - image: >-
            harbor.fabrique.social.gouv.fr/mano/mano-api:8843083edb7f873cad1d1420731a60773594ffae
          livenessProbe:
            failureThreshold: 6
            httpGet:
              path: /healthz
              port: http
            initialDelaySeconds: 30
            periodSeconds: 5
            timeoutSeconds: 5
          name: api
          ports:
            - containerPort: 3000
              name: http
          readinessProbe:
            failureThreshold: 15
            httpGet:
              path: /healthz
              port: http
            initialDelaySeconds: 0
            periodSeconds: 5
            successThreshold: 1
            timeoutSeconds: 1
          resources:
            limits:
              cpu: 500m
              memory: 512Mi
            requests:
              cpu: 100m
              memory: 128Mi
          startupProbe:
            failureThreshold: 12
            httpGet:
              path: /healthz
              port: http
            periodSeconds: 5
          envFrom:
            - secretRef:
                name: azure-pg-user-8843083e
      imagePullSecrets:
        - name: regcred
      initContainers:
        - env:
            - name: WAIT_FOR_RETRIES
              value: '24'
          envFrom:
            - secretRef:
                name: azure-pg-user-8843083e
          image: ghcr.io/socialgouv/docker/wait-for-postgres:6.0.1
          imagePullPolicy: Always
          name: wait-for-postgres
          resources:
            limits:
              cpu: 20m
              memory: 32Mi
            requests:
              cpu: 5m
              memory: 16Mi
        - args:
            - initdb
          command:
            - yarn
          image: >-
            harbor.fabrique.social.gouv.fr/mano/mano-api:8843083edb7f873cad1d1420731a60773594ffae
          imagePullPolicy: Always
          name: init
          resources:
            limits:
              cpu: 500m
              memory: 512Mi
            requests:
              cpu: 100m
              memory: 128Mi
          envFrom:
            - secretRef:
                name: azure-pg-user-8843083e
---
apiVersion: v1
kind: Service
metadata:
  labels:
    app: api
    application: mano-branch-42-mano
    owner: mano
    team: mano
    cert: wildcard
  name: api
  annotations:
    kapp.k14s.io/disable-default-ownership-label-rules: ''
    kapp.k14s.io/disable-default-label-scoping-rules: ''
    app.gitlab.com/app: socialgouv-mano
    app.gitlab.com/env: mano-branch-42
    app.gitlab.com/env.name: mano-branch-dev2
  namespace: mano-24-branch-42
spec:
  ports:
    - name: http
      port: 80
      targetPort: 3000
  selector:
    app: api
  type: ClusterIP
---
apiVersion: extensions/v1beta1
kind: Ingress
metadata:
  annotations:
    kubernetes.io/ingress.class: nginx
    kapp.k14s.io/disable-default-ownership-label-rules: ''
    kapp.k14s.io/disable-default-label-scoping-rules: ''
    app.gitlab.com/app: socialgouv-mano
    app.gitlab.com/env: mano-branch-42
    app.gitlab.com/env.name: mano-branch-dev2
  labels:
    app: api
    application: mano-branch-42-mano
    owner: mano
    team: mano
    cert: wildcard
  name: api
  namespace: mano-24-branch-42
spec:
  rules:
    - host: mano-branch-42-mano.dev2.fabrique.social.gouv.fr
      http:
        paths:
          - backend:
              serviceName: api
              servicePort: 80
            path: /
  tls:
    - hosts:
        - mano-branch-42-mano.dev2.fabrique.social.gouv.fr
      secretName: wildcard-crt
---
apiVersion: apps/v1
kind: Deployment
metadata:
  annotations:
    kapp.k14s.io/disable-default-ownership-label-rules: ''
    kapp.k14s.io/disable-default-label-scoping-rules: ''
    app.gitlab.com/app: socialgouv-mano
    app.gitlab.com/env: mano-branch-42
    app.gitlab.com/env.name: mano-branch-dev2
  labels:
    app: dashboard
    application: mano-branch-42-mano
    owner: mano
    team: mano
    cert: wildcard
  name: dashboard
  namespace: mano-24-branch-42
spec:
  replicas: 1
  selector:
    matchLabels:
      app: dashboard
  template:
    metadata:
      annotations:
        kapp.k14s.io/disable-default-ownership-label-rules: ''
        kapp.k14s.io/disable-default-label-scoping-rules: ''
        app.gitlab.com/app: socialgouv-mano
        app.gitlab.com/env: mano-branch-42
        app.gitlab.com/env.name: mano-branch-dev2
      labels:
        app: dashboard
        application: mano-branch-42-mano
        owner: mano
        team: mano
        cert: wildcard
    spec:
      containers:
        - image: >-
            harbor.fabrique.social.gouv.fr/mano/mano-dashboard:8843083edb7f873cad1d1420731a60773594ffae
          livenessProbe:
            failureThreshold: 6
            httpGet:
              path: /healthz
              port: http
            initialDelaySeconds: 30
            periodSeconds: 5
            timeoutSeconds: 5
          name: dashboard
          ports:
            - containerPort: 80
              name: http
          readinessProbe:
            failureThreshold: 15
            httpGet:
              path: /healthz
              port: http
            initialDelaySeconds: 0
            periodSeconds: 5
            successThreshold: 1
            timeoutSeconds: 1
          resources:
            limits:
              cpu: 200m
              memory: 128Mi
            requests:
              cpu: 10m
              memory: 64Mi
          startupProbe:
            failureThreshold: 12
            httpGet:
              path: /healthz
              port: http
            periodSeconds: 5
      imagePullSecrets:
        - name: regcred
---
apiVersion: v1
kind: Service
metadata:
  labels:
    app: dashboard
    application: mano-branch-42-mano
    owner: mano
    team: mano
    cert: wildcard
  name: dashboard
  annotations:
    kapp.k14s.io/disable-default-ownership-label-rules: ''
    kapp.k14s.io/disable-default-label-scoping-rules: ''
    app.gitlab.com/app: socialgouv-mano
    app.gitlab.com/env: mano-branch-42
    app.gitlab.com/env.name: mano-branch-dev2
  namespace: mano-24-branch-42
spec:
  ports:
    - name: http
      port: 80
      targetPort: 80
  selector:
    app: dashboard
  type: ClusterIP
---
apiVersion: extensions/v1beta1
kind: Ingress
metadata:
  annotations:
    kubernetes.io/ingress.class: nginx
    kapp.k14s.io/disable-default-ownership-label-rules: ''
    kapp.k14s.io/disable-default-label-scoping-rules: ''
    app.gitlab.com/app: socialgouv-mano
    app.gitlab.com/env: mano-branch-42
    app.gitlab.com/env.name: mano-branch-dev2
  labels:
    app: dashboard
    application: mano-branch-42-mano
    owner: mano
    team: mano
    cert: wildcard
  name: dashboard
  namespace: mano-24-branch-42
spec:
  rules:
    - host: dashboard-mano-branch-42-mano.dev2.fabrique.social.gouv.fr
      http:
        paths:
          - backend:
              serviceName: dashboard
              servicePort: 80
            path: /
  tls:
    - hosts:
        - dashboard-mano-branch-42-mano.dev2.fabrique.social.gouv.fr
      secretName: wildcard-crt
---
apiVersion: apps/v1
kind: Deployment
metadata:
  annotations:
    kapp.k14s.io/disable-default-ownership-label-rules: ''
    kapp.k14s.io/disable-default-label-scoping-rules: ''
    app.gitlab.com/app: socialgouv-mano
    app.gitlab.com/env: mano-branch-42
    app.gitlab.com/env.name: mano-branch-dev2
  labels:
    app: metabase
    application: mano-branch-42-mano
    owner: mano
    team: mano
    cert: wildcard
  name: metabase
  namespace: mano-24-branch-42
spec:
  replicas: 1
  selector:
    matchLabels:
      app: metabase
  template:
    metadata:
      annotations:
        kapp.k14s.io/disable-default-ownership-label-rules: ''
        kapp.k14s.io/disable-default-label-scoping-rules: ''
        app.gitlab.com/app: socialgouv-mano
        app.gitlab.com/env: mano-branch-42
        app.gitlab.com/env.name: mano-branch-dev2
      labels:
        app: metabase
        application: mano-branch-42-mano
        owner: mano
        team: mano
        cert: wildcard
    spec:
      containers:
        - image: metabase/metabase:v0.37.4
          livenessProbe:
            failureThreshold: 6
            httpGet:
              path: /api/health
              port: http
            initialDelaySeconds: 30
            periodSeconds: 5
            timeoutSeconds: 5
          name: metabase
          ports:
            - containerPort: 3000
              name: http
          readinessProbe:
            failureThreshold: 15
            httpGet:
              path: /api/health
              port: http
            initialDelaySeconds: 0
            periodSeconds: 5
            successThreshold: 1
            timeoutSeconds: 1
          resources:
            limits:
              cpu: 500m
              memory: 1024Mi
            requests:
              cpu: 100m
              memory: 256Mi
          startupProbe:
            failureThreshold: 12
            httpGet:
              path: /api/health
              port: http
            periodSeconds: 10
            initialDelaySeconds: 240
            successThreshold: 1
            timeoutSeconds: 10
          envFrom:
            - secretRef:
                name: metabase-sealed-secret
            - configMapRef:
                name: metabase-configmap
---
apiVersion: bitnami.com/v1alpha1
kind: SealedSecret
metadata:
  annotations:
    sealedsecrets.bitnami.com/cluster-wide: 'true'
    kapp.k14s.io/disable-default-ownership-label-rules: ''
    kapp.k14s.io/disable-default-label-scoping-rules: ''
    app.gitlab.com/app: socialgouv-mano
    app.gitlab.com/env: mano-branch-42
    app.gitlab.com/env.name: mano-branch-dev2
  name: metabase-sealed-secret
  labels:
    application: mano-branch-42-mano
    owner: mano
    team: mano
    cert: wildcard
  namespace: mano-24-branch-42
spec:
  encryptedData:
    MB_DB_CONNECTION_URI: >-
      AgC1GKP97knTRM3wAu3hw9Rclo25dsj5IuU0h5t7UDMFpkEJaq80mfz/s7S+2MrXMS+jtkvIjtSl+02se5iexLlp7cutN+dlxG6m0yL2ihe9KHdv4uU8g7B2NyxMV9YJggMNH4HHeroGYmaDvsZlsZ50U3+rVYe27nzIRFUD6YtSGsQYbfi/dO9lRP3ccQ6Dhx5P3BMbTM6ZZabE5hr5vEMN8D5YeY81VtoSLJc+1Uq4ChKvVCMDoVpfsAAoxNoVd+eExOj154C1OMp3TIKDClwTiXASqqY4MtivtbcfZhMYbJ6v6ThDswjrOS/U5MWjHqiF43ZuRr+3fWL4LVfLfjsL3cvDLQzc9XxcvyXC2xIuCBaHjLl5z0cB0bUu2m9vo2rue7o9WWObFJXEw7Vo+JGdLlLVNJdTYEUfdCP3ivSA7/1lsuDUi9f2MDUojqiG9KrVknEw+KT0yyTT4bfMlpQeMVwrSHoEEddY6uDMOUX2oPBijQT32mZk9qRTafSrcUvX1l4+a/tGsDbLfm27qBjpAmpNsnaPEb2o4RDrX/+iydGGjPm0FeFUVyiYDKq20bWTRXzU1KLoTAu3H6q7bHc+ym9McjRTtXCtxSa9YswMNIiyEJMsefrs2+UZ/p2ENb6RT5F2rTvHAhavQVOCcUn+JtarUhOljIrJaunOTeESw5v9A89pgueVvqm0t9vA/pojCl1M3OffUqQ0HIJNSt7TAyAIu0AGRfYFJMalKoh6cNBWJHlOryA4N3ilEHnkToFt3GtO3RzQ033adGRL9A83dEC7w17hLUS+0gHWKDyqFNUzYPE9gNI4hU0ipIWvO0JINnXNAjevtkt6c972aFeiQcGVCFHzUZa7t1Itd7bCmZMjoq/ieSWkmF9lbfNPZ4GtvWKnOhTEWJS5Gjw=
    MB_ENCRYPTION_SECRET_KEY: >-
      AgAAlGc0jXMyPJkomaUE/N+8ohAByPjqrWWgbrZGlRucgi063u/121vWlBa+NC1fRnsM+m91b3g0sCrz2c/2tHgAsX3lkPWlwiAzsoONeOK/Yx34IcjpubqrHhoZ97ZeWu5pFz6x+RYTKZTov1worUm23HWDvZDXw1EPhW44XE22BHdsNELjR7dI69imm0XRZENfqt4R5BUM8wbfYfLjA8vLOXyh3xn/Aj3fyFEpJ+cIUHA2Erm9QFNEdHDdv4z8yfoEFQFOo7p7Xwb/TcV+KRCGd0pBYpnjA3SFdTT4CnQwAkdcPxC4/wfH5x1745dBG9z4B0rrCfypwgKclePYo5RctahV71esxfVtc+QhR9IuFxlL3gXao/7ZNrB/jjpHkiq/7Zrpq+F6m0E6fNDaXWaMDmbdthRL+jmXvzC1ejbvcJniCSqOYZI44xFxMUSEWW7xZZ43r+6aY5Hq4VeQ+LMx1wd0BGxA/Qwc2Dbb27mytkPvhT2NsxGLeW2IWd8RK9WJlVqlg/sSb446y4W7r2uepSL0WgX/vTQsI5WVawCSV5V++z+Y/ssTQxDbNUpNL5IA3i3ciKz4Dlw7IOoDEjoGje6VxFqU1kVfy9Ffd2VW94qpbxNxU77vm1ipbcQa+Ng1/ExADE4NZkvucB1KWouDFDi47+yhEkuL8Og3vIe1ir908iRo6MpCWtyKXlivD/zNMSjYccKwy7t2Izdr/JWvbJkCBbn4dzDp+x9MBH9AW/d5tpq1WSkk
  template:
    metadata:
      annotations:
        sealedsecrets.bitnami.com/cluster-wide: 'true'
        kapp.k14s.io/disable-default-ownership-label-rules: ''
        kapp.k14s.io/disable-default-label-scoping-rules: ''
        app.gitlab.com/app: socialgouv-mano
        app.gitlab.com/env: mano-branch-42
        app.gitlab.com/env.name: mano-branch-dev2
      name: metabase-sealed-secret
      labels:
        application: mano-branch-42-mano
        owner: mano
        team: mano
        cert: wildcard
    type: Opaque
---
kind: ConfigMap
apiVersion: v1
metadata:
  name: metabase-configmap
  annotations:
    kapp.k14s.io/disable-default-ownership-label-rules: ''
    kapp.k14s.io/disable-default-label-scoping-rules: ''
    app.gitlab.com/app: socialgouv-mano
    app.gitlab.com/env: mano-branch-42
    app.gitlab.com/env.name: mano-branch-dev2
  labels:
    application: mano-branch-42-mano
    owner: mano
    team: mano
    cert: wildcard
  namespace: mano-24-branch-42
data:
  MB_DB_TYPE: postgres
  MB_ADMIN_EMAIL: admin@fabrique.social.gouv.fr
  MB_ANON_TRACKING_ENABLED: 'false'
  MB_APPLICATION_LOGO_URL: https://socialgouv.github.io/support/_media/marianne.jpeg
  MB_APPLICATION_NAME: metabase-mano
  MB_EMAIL_FROM_ADDRESS: admin@fabrique.social.gouv.fr
  MB_ENABLE_EMBEDDING: 'true'
  MB_ENABLE_PUBLIC_SHARING: 'true'
  MB_SITE_LOCALE: fr
  MB_SITE_NAME: Fabrique des ministères sociaux
---
apiVersion: v1
kind: Service
metadata:
  labels:
    app: metabase
    application: mano-branch-42-mano
    owner: mano
    team: mano
    cert: wildcard
  name: metabase
  annotations:
    kapp.k14s.io/disable-default-ownership-label-rules: ''
    kapp.k14s.io/disable-default-label-scoping-rules: ''
    app.gitlab.com/app: socialgouv-mano
    app.gitlab.com/env: mano-branch-42
    app.gitlab.com/env.name: mano-branch-dev2
  namespace: mano-24-branch-42
spec:
  ports:
    - name: http
      port: 80
      targetPort: 3000
  selector:
    app: metabase
  type: ClusterIP
---
apiVersion: extensions/v1beta1
kind: Ingress
metadata:
  annotations:
    kubernetes.io/ingress.class: nginx
    kapp.k14s.io/disable-default-ownership-label-rules: ''
    kapp.k14s.io/disable-default-label-scoping-rules: ''
    app.gitlab.com/app: socialgouv-mano
    app.gitlab.com/env: mano-branch-42
    app.gitlab.com/env.name: mano-branch-dev2
  labels:
    app: metabase
    application: mano-branch-42-mano
    owner: mano
    team: mano
    cert: wildcard
  name: metabase
  namespace: mano-24-branch-42
spec:
  rules:
    - host: metabase-mano-branch-42-mano.dev2.fabrique.social.gouv.fr
      http:
        paths:
          - backend:
              serviceName: metabase
              servicePort: 80
            path: /
  tls:
    - hosts:
        - metabase-mano-branch-42-mano.dev2.fabrique.social.gouv.fr
      secretName: wildcard-crt
---
apiVersion: batch/v1
kind: Job
spec:
  backoffLimit: 5
  template:
    spec:
      containers:
        - command:
            - create-db-user
          env:
            - name: NEW_DB_NAME
              value: autodevops_8843083e
            - name: NEW_USER
              value: user_8843083e
            - name: NEW_PASSWORD
              value: password_8843083e
            - name: NEW_DB_EXTENSIONS
              value: hstore pgcrypto citext uuid-ossp
          envFrom:
            - secretRef:
                name: azure-pg-admin-user
          image: ghcr.io/socialgouv/docker/azure-db:6.0.1
          imagePullPolicy: IfNotPresent
          name: create-db-user
          resources:
            limits:
              cpu: 300m
              memory: 256Mi
            requests:
              cpu: 100m
              memory: 64Mi
      restartPolicy: Never
    metadata:
      annotations:
        app.gitlab.com/app: socialgouv-mano
        app.gitlab.com/env: mano-branch-42
        app.gitlab.com/env.name: mano-branch-dev2
      labels:
        application: mano-branch-42-mano
        owner: mano
        team: mano
        cert: wildcard
  ttlSecondsAfterFinished: 86400
metadata:
  annotations:
    app.gitlab.com/app: socialgouv-mano
    app.gitlab.com/env: mano-branch-42
    app.gitlab.com/env.name: mano-branch-dev2
  labels:
    application: mano-branch-42-mano
    owner: mano
    team: mano
    cert: wildcard
  name: create-db-job-8843083e
  namespace: mano-24-branch-42
---
apiVersion: v1
kind: Secret
stringData:
  DATABASE_URL: >-
    postgresql://user_8843083e%40manodevserver.postgres.database.azure.com:password_8843083e@manodevserver.postgres.database.azure.com/autodevops_8843083e?sslmode=require
  DB_URI: >-
    postgresql://user_8843083e%40manodevserver.postgres.database.azure.com:password_8843083e@manodevserver.postgres.database.azure.com/autodevops_8843083e?sslmode=require
  HASURA_GRAPHQL_DATABASE_URL: >-
    postgresql://user_8843083e%40manodevserver.postgres.database.azure.com:password_8843083e@manodevserver.postgres.database.azure.com/autodevops_8843083e?sslmode=require
  PGDATABASE: autodevops_8843083e
  PGHOST: manodevserver.postgres.database.azure.com
  PGPASSWORD: password_8843083e
  PGRST_DB_URI: >-
    postgresql://user_8843083e%40manodevserver.postgres.database.azure.com:password_8843083e@manodevserver.postgres.database.azure.com/autodevops_8843083e?sslmode=require
  PGSSLMODE: require
  PGUSER: user_8843083e@manodevserver.postgres.database.azure.com
metadata:
  annotations:
    app.gitlab.com/app: socialgouv-mano
    app.gitlab.com/env: mano-branch-42
    app.gitlab.com/env.name: mano-branch-dev2
  labels:
    application: mano-branch-42-mano
    owner: mano
    team: mano
    cert: wildcard
  name: azure-pg-user-8843083e
  namespace: mano-24-branch-42
---
apiVersion: apps/v1
kind: Deployment
metadata:
  annotations:
    kapp.k14s.io/disable-default-ownership-label-rules: ''
    kapp.k14s.io/disable-default-label-scoping-rules: ''
    app.gitlab.com/app: socialgouv-mano
    app.gitlab.com/env: mano-branch-42
    app.gitlab.com/env.name: mano-branch-dev2
  labels:
    app: www
    application: mano-branch-42-mano
    owner: mano
    team: mano
    cert: wildcard
    component: nginx
  name: www
  namespace: mano-24-branch-42
spec:
  replicas: 1
  selector:
    matchLabels:
      app: www
  template:
    metadata:
      annotations:
        kapp.k14s.io/disable-default-ownership-label-rules: ''
        kapp.k14s.io/disable-default-label-scoping-rules: ''
        app.gitlab.com/app: socialgouv-mano
        app.gitlab.com/env: mano-branch-42
        app.gitlab.com/env.name: mano-branch-dev2
      labels:
        app: www
        application: mano-branch-42-mano
        owner: mano
        team: mano
        cert: wildcard
        component: nginx
    spec:
      containers:
        - image: >-
            harbor.fabrique.social.gouv.fr/mano/mano-www:8843083edb7f873cad1d1420731a60773594ffae
          livenessProbe:
            failureThreshold: 6
            httpGet:
              path: /index.html
              port: http
            initialDelaySeconds: 30
            periodSeconds: 5
            timeoutSeconds: 5
          name: www
          ports:
            - containerPort: 80
              name: http
          readinessProbe:
            failureThreshold: 15
            httpGet:
              path: /index.html
              port: http
            initialDelaySeconds: 0
            periodSeconds: 5
            successThreshold: 1
            timeoutSeconds: 1
          resources:
            limits:
              cpu: 500m
              memory: 128Mi
            requests:
              cpu: 5m
              memory: 32Mi
          startupProbe:
            failureThreshold: 12
            httpGet:
              path: /index.html
              port: http
            periodSeconds: 5
      imagePullSecrets:
        - name: regcred
---
apiVersion: v1
kind: Service
metadata:
  labels:
    app: www
    application: mano-branch-42-mano
    owner: mano
    team: mano
    cert: wildcard
  name: www
  annotations:
    kapp.k14s.io/disable-default-ownership-label-rules: ''
    kapp.k14s.io/disable-default-label-scoping-rules: ''
    app.gitlab.com/app: socialgouv-mano
    app.gitlab.com/env: mano-branch-42
    app.gitlab.com/env.name: mano-branch-dev2
  namespace: mano-24-branch-42
spec:
  ports:
    - name: http
      port: 80
      targetPort: 80
  selector:
    app: www
  type: ClusterIP
---
apiVersion: extensions/v1beta1
kind: Ingress
metadata:
  annotations:
    kubernetes.io/ingress.class: nginx
    kapp.k14s.io/disable-default-ownership-label-rules: ''
    kapp.k14s.io/disable-default-label-scoping-rules: ''
    app.gitlab.com/app: socialgouv-mano
    app.gitlab.com/env: mano-branch-42
    app.gitlab.com/env.name: mano-branch-dev2
  labels:
    app: www
    application: mano-branch-42-mano
    owner: mano
    team: mano
    cert: wildcard
  name: www
  namespace: mano-24-branch-42
spec:
  rules:
    - host: app-mano-branch-42-mano.dev2.fabrique.social.gouv.fr
      http:
        paths:
          - backend:
              serviceName: www
              servicePort: 80
            path: /
  tls:
    - hosts:
        - app-mano-branch-42-mano.dev2.fabrique.social.gouv.fr
      secretName: wildcard-crt
"
`;
