// Jest Snapshot v1, https://goo.gl/fbAQLP

exports[`kosko generate --dev 1`] = `
"---
apiVersion: v1
kind: Namespace
metadata:
  annotations:
    socialgouv/creator: autodevops
    janitor/ttl: 15d
    field.cattle.io/creatorId: gitlab
    field.cattle.io/projectId: ''
    git/branch: master
    git/remote: >-
      https://gitlab-ci-token:[MASKED]@gitlab.factory.social.gouv.fr/SocialGouv/mano.git
    app.gitlab.com/app: socialgouv-mano
    app.gitlab.com/env: master-dev42
    app.gitlab.com/env.name: master-dev42
  labels:
    azure-pg-admin-user: mano
    application: master-dev42-mano
    component: master-dev42-mano
    owner: mano
    team: mano
    cert: wildcard
  name: mano-186-master-dev2
---
apiVersion: apps/v1
kind: Deployment
metadata:
  annotations:
    kapp.k14s.io/disable-default-ownership-label-rules: ''
    kapp.k14s.io/disable-default-label-scoping-rules: ''
    app.gitlab.com/app: socialgouv-mano
    app.gitlab.com/env: master-dev42
    app.gitlab.com/env.name: master-dev42
  labels:
    app: api
    application: master-dev42-mano
    component: master-dev42-mano
    owner: mano
    team: mano
    cert: wildcard
  name: api
  namespace: mano-186-master-dev2
spec:
  replicas: 1
  selector:
    matchLabels:
      app: api
  template:
    metadata:
      annotations:
        kapp.k14s.io/disable-default-ownership-label-rules: ''
        kapp.k14s.io/disable-default-label-scoping-rules: ''
        app.gitlab.com/app: socialgouv-mano
        app.gitlab.com/env: master-dev42
        app.gitlab.com/env.name: master-dev42
      labels:
        app: api
        application: master-dev42-mano
        component: master-dev42-mano
        owner: mano
        team: mano
        cert: wildcard
    spec:
      containers:
        - image: ghcr.io/socialgouv/mano/api:sha-undefined
          livenessProbe:
            failureThreshold: 6
            httpGet:
              path: /healthz
              port: http
            initialDelaySeconds: 30
            periodSeconds: 5
            timeoutSeconds: 5
          name: api
          ports:
            - containerPort: 3000
              name: http
          readinessProbe:
            failureThreshold: 15
            httpGet:
              path: /healthz
              port: http
            initialDelaySeconds: 0
            periodSeconds: 5
            successThreshold: 1
            timeoutSeconds: 1
          resources:
            limits:
              cpu: 500m
              memory: 512Mi
            requests:
              cpu: 100m
              memory: 128Mi
          startupProbe:
            failureThreshold: 12
            httpGet:
              path: /healthz
              port: http
            periodSeconds: 5
          envFrom:
            - secretRef:
                name: azure-pg-user-master
      imagePullSecrets:
        - name: regcred
      initContainers:
        - env:
            - name: WAIT_FOR_RETRIES
              value: '24'
          envFrom:
            - secretRef:
                name: azure-pg-user-master
          image: ghcr.io/socialgouv/docker/wait-for-postgres:6.45.0
          imagePullPolicy: Always
          name: wait-for-postgres
          resources:
            limits:
              cpu: 20m
              memory: 32Mi
            requests:
              cpu: 5m
              memory: 16Mi
        - args:
            - initdb
          command:
            - yarn
          image: ghcr.io/socialgouv/mano/api:sha-undefined
          imagePullPolicy: Always
          name: init
          resources:
            limits:
              cpu: 500m
              memory: 512Mi
            requests:
              cpu: 100m
              memory: 128Mi
          envFrom:
            - secretRef:
                name: azure-pg-user-master
---
apiVersion: v1
kind: Service
metadata:
  labels:
    app: api
    application: master-dev42-mano
    component: master-dev42-mano
    owner: mano
    team: mano
    cert: wildcard
  name: api
  annotations:
    kapp.k14s.io/disable-default-ownership-label-rules: ''
    kapp.k14s.io/disable-default-label-scoping-rules: ''
    app.gitlab.com/app: socialgouv-mano
    app.gitlab.com/env: master-dev42
    app.gitlab.com/env.name: master-dev42
  namespace: mano-186-master-dev2
spec:
  ports:
    - name: http
      port: 80
      targetPort: 3000
  selector:
    app: api
  type: ClusterIP
---
apiVersion: networking.k8s.io/v1
kind: Ingress
metadata:
  annotations:
    kubernetes.io/ingress.class: nginx
    kapp.k14s.io/disable-default-ownership-label-rules: ''
    kapp.k14s.io/disable-default-label-scoping-rules: ''
    app.gitlab.com/app: socialgouv-mano
    app.gitlab.com/env: master-dev42
    app.gitlab.com/env.name: master-dev42
  labels:
    app: api
    application: master-dev42-mano
    component: master-dev42-mano
    owner: mano
    team: mano
    cert: wildcard
  name: api
  namespace: mano-186-master-dev2
spec:
  rules:
    - host: master-dev42-mano.dev42.fabrique.social.gouv.fr
      http:
        paths:
          - backend:
              service:
                name: api
                port:
                  name: http
            path: /
            pathType: Prefix
  tls:
    - hosts:
        - master-dev42-mano.dev42.fabrique.social.gouv.fr
      secretName: wildcard-crt
---
apiVersion: apps/v1
kind: Deployment
metadata:
  annotations:
    kapp.k14s.io/disable-default-ownership-label-rules: ''
    kapp.k14s.io/disable-default-label-scoping-rules: ''
    app.gitlab.com/app: socialgouv-mano
    app.gitlab.com/env: master-dev42
    app.gitlab.com/env.name: master-dev42
  labels:
    app: dashboard
    application: master-dev42-mano
    component: master-dev42-mano
    owner: mano
    team: mano
    cert: wildcard
  name: dashboard
  namespace: mano-186-master-dev2
spec:
  replicas: 1
  selector:
    matchLabels:
      app: dashboard
  template:
    metadata:
      annotations:
        kapp.k14s.io/disable-default-ownership-label-rules: ''
        kapp.k14s.io/disable-default-label-scoping-rules: ''
        app.gitlab.com/app: socialgouv-mano
        app.gitlab.com/env: master-dev42
        app.gitlab.com/env.name: master-dev42
      labels:
        app: dashboard
        application: master-dev42-mano
        component: master-dev42-mano
        owner: mano
        team: mano
        cert: wildcard
    spec:
      containers:
        - image: ghcr.io/socialgouv/mano/dashboard:sha-undefined
          livenessProbe:
            failureThreshold: 6
            httpGet:
              path: /healthz
              port: http
            initialDelaySeconds: 30
            periodSeconds: 5
            timeoutSeconds: 5
          name: dashboard
          ports:
            - containerPort: 80
              name: http
          readinessProbe:
            failureThreshold: 15
            httpGet:
              path: /healthz
              port: http
            initialDelaySeconds: 0
            periodSeconds: 5
            successThreshold: 1
            timeoutSeconds: 1
          resources:
            limits:
              cpu: 200m
              memory: 128Mi
            requests:
              cpu: 10m
              memory: 64Mi
          startupProbe:
            failureThreshold: 12
            httpGet:
              path: /healthz
              port: http
            periodSeconds: 5
      imagePullSecrets:
        - name: regcred
---
apiVersion: v1
kind: Service
metadata:
  labels:
    app: dashboard
    application: master-dev42-mano
    component: master-dev42-mano
    owner: mano
    team: mano
    cert: wildcard
  name: dashboard
  annotations:
    kapp.k14s.io/disable-default-ownership-label-rules: ''
    kapp.k14s.io/disable-default-label-scoping-rules: ''
    app.gitlab.com/app: socialgouv-mano
    app.gitlab.com/env: master-dev42
    app.gitlab.com/env.name: master-dev42
  namespace: mano-186-master-dev2
spec:
  ports:
    - name: http
      port: 80
      targetPort: 80
  selector:
    app: dashboard
  type: ClusterIP
---
apiVersion: networking.k8s.io/v1
kind: Ingress
metadata:
  annotations:
    kubernetes.io/ingress.class: nginx
    kapp.k14s.io/disable-default-ownership-label-rules: ''
    kapp.k14s.io/disable-default-label-scoping-rules: ''
    app.gitlab.com/app: socialgouv-mano
    app.gitlab.com/env: master-dev42
    app.gitlab.com/env.name: master-dev42
  labels:
    app: dashboard
    application: master-dev42-mano
    component: master-dev42-mano
    owner: mano
    team: mano
    cert: wildcard
  name: dashboard
  namespace: mano-186-master-dev2
spec:
  rules:
    - host: dashboard-master-dev42-mano.dev42.fabrique.social.gouv.fr
      http:
        paths:
          - backend:
              service:
                name: dashboard
                port:
                  name: http
            path: /
            pathType: Prefix
  tls:
    - hosts:
        - dashboard-master-dev42-mano.dev42.fabrique.social.gouv.fr
      secretName: wildcard-crt
---
apiVersion: batch/v1
kind: Job
spec:
  backoffLimit: 5
  template:
    spec:
      containers:
        - command:
            - create-db-user
          env:
            - name: NEW_DB_NAME
              value: autodevops_master
            - name: NEW_USER
              value: user_master
            - name: NEW_PASSWORD
              value: password_master
            - name: NEW_DB_EXTENSIONS
              value: hstore pgcrypto citext uuid-ossp
          envFrom:
            - secretRef:
                name: azure-pg-admin-user
          image: ghcr.io/socialgouv/docker/azure-db:6.45.0
          imagePullPolicy: IfNotPresent
          name: create-db-user
          resources:
            limits:
              cpu: 300m
              memory: 256Mi
            requests:
              cpu: 100m
              memory: 64Mi
      restartPolicy: Never
  ttlSecondsAfterFinished: 86400
metadata:
  annotations:
    kapp.k14s.io/update-strategy: skip
    app.gitlab.com/app: socialgouv-mano
    app.gitlab.com/env: master-dev42
    app.gitlab.com/env.name: master-dev42
  labels:
    application: master-dev42-mano
    component: master-dev42-mano
    owner: mano
    team: mano
    cert: wildcard
  name: create-db-job-master
  namespace: mano-186-master-dev2
---
apiVersion: v1
kind: Secret
stringData:
  DATABASE_URL: >-
    postgresql://user_master%40manodevserver.postgres.database.azure.com:password_master@manodevserver.postgres.database.azure.com/autodevops_master?sslmode=require
  DB_URI: >-
    postgresql://user_master%40manodevserver.postgres.database.azure.com:password_master@manodevserver.postgres.database.azure.com/autodevops_master?sslmode=require
  HASURA_GRAPHQL_DATABASE_URL: >-
    postgresql://user_master%40manodevserver.postgres.database.azure.com:password_master@manodevserver.postgres.database.azure.com/autodevops_master?sslmode=require
  PGDATABASE: autodevops_master
  PGHOST: manodevserver.postgres.database.azure.com
  PGPASSWORD: password_master
  PGRST_DB_URI: >-
    postgresql://user_master%40manodevserver.postgres.database.azure.com:password_master@manodevserver.postgres.database.azure.com/autodevops_master?sslmode=require
  PGSSLMODE: require
  PGUSER: user_master@manodevserver.postgres.database.azure.com
metadata:
  annotations:
    kapp.k14s.io/update-strategy: skip
    app.gitlab.com/app: socialgouv-mano
    app.gitlab.com/env: master-dev42
    app.gitlab.com/env.name: master-dev42
  labels:
    application: master-dev42-mano
    component: master-dev42-mano
    owner: mano
    team: mano
    cert: wildcard
  name: azure-pg-user-master
  namespace: mano-186-master-dev2
---
apiVersion: apps/v1
kind: Deployment
metadata:
  annotations:
    kapp.k14s.io/disable-default-ownership-label-rules: ''
    kapp.k14s.io/disable-default-label-scoping-rules: ''
    app.gitlab.com/app: socialgouv-mano
    app.gitlab.com/env: master-dev42
    app.gitlab.com/env.name: master-dev42
  labels:
    app: www
    application: master-dev42-mano
    component: nginx
    owner: mano
    team: mano
    cert: wildcard
  name: www
  namespace: mano-186-master-dev2
spec:
  replicas: 1
  selector:
    matchLabels:
      app: www
  template:
    metadata:
      annotations:
        kapp.k14s.io/disable-default-ownership-label-rules: ''
        kapp.k14s.io/disable-default-label-scoping-rules: ''
        app.gitlab.com/app: socialgouv-mano
        app.gitlab.com/env: master-dev42
        app.gitlab.com/env.name: master-dev42
      labels:
        app: www
        application: master-dev42-mano
        component: nginx
        owner: mano
        team: mano
        cert: wildcard
    spec:
      containers:
        - image: ghcr.io/socialgouv/mano/website:sha-undefined
          livenessProbe:
            failureThreshold: 6
            httpGet:
              path: /index.html
              port: http
            initialDelaySeconds: 30
            periodSeconds: 5
            timeoutSeconds: 5
          name: www
          ports:
            - containerPort: 80
              name: http
          readinessProbe:
            failureThreshold: 15
            httpGet:
              path: /index.html
              port: http
            initialDelaySeconds: 0
            periodSeconds: 5
            successThreshold: 1
            timeoutSeconds: 1
          resources:
            limits:
              cpu: 500m
              memory: 128Mi
            requests:
              cpu: 5m
              memory: 32Mi
          startupProbe:
            failureThreshold: 12
            httpGet:
              path: /index.html
              port: http
            periodSeconds: 5
      imagePullSecrets:
        - name: regcred
---
apiVersion: v1
kind: Service
metadata:
  labels:
    app: www
    application: master-dev42-mano
    component: nginx
    owner: mano
    team: mano
    cert: wildcard
  name: www
  annotations:
    kapp.k14s.io/disable-default-ownership-label-rules: ''
    kapp.k14s.io/disable-default-label-scoping-rules: ''
    app.gitlab.com/app: socialgouv-mano
    app.gitlab.com/env: master-dev42
    app.gitlab.com/env.name: master-dev42
  namespace: mano-186-master-dev2
spec:
  ports:
    - name: http
      port: 80
      targetPort: 80
  selector:
    app: www
  type: ClusterIP
---
apiVersion: networking.k8s.io/v1
kind: Ingress
metadata:
  annotations:
    kubernetes.io/ingress.class: nginx
    kapp.k14s.io/disable-default-ownership-label-rules: ''
    kapp.k14s.io/disable-default-label-scoping-rules: ''
    app.gitlab.com/app: socialgouv-mano
    app.gitlab.com/env: master-dev42
    app.gitlab.com/env.name: master-dev42
  labels:
    app: www
    application: master-dev42-mano
    component: nginx
    owner: mano
    team: mano
    cert: wildcard
  name: www
  namespace: mano-186-master-dev2
spec:
  rules:
    - host: app-master-dev42-mano.dev42.fabrique.social.gouv.fr
      http:
        paths:
          - backend:
              service:
                name: www
                port:
                  name: http
            path: /
            pathType: Prefix
  tls:
    - hosts:
        - app-master-dev42-mano.dev42.fabrique.social.gouv.fr
      secretName: wildcard-crt
"
`;
